A51 MACRO ASSEMBLER  MAIN                                                                 03/22/2024 19:42:58 PAGE     1


MACRO ASSEMBLER A51 V8.2.7.0
OBJECT MODULE PLACED IN .\Objects\Main.obj
ASSEMBLER INVOKED BY: C:\Keil_v5\C51\BIN\A51.EXE src\Main.a51 SET(SMALL) DEBUG PRINT(.\Listings\Main.lst) OBJECT(.\Objec
                      ts\Main.obj) EP

LOC  OBJ            LINE     SOURCE

0000                   1     MAIN:
0000 75A0FE            2         MOV P2, #11111110B
0003 120032            3         LCALL DELAY
0006 75A0FD            4         MOV P2, #11111101B
0009 120032            5         LCALL DELAY
000C 75A0FB            6         MOV P2, #11111011B
000F 120032            7         LCALL DELAY
0012 75A0F7            8         MOV P2, #11110111B
0015 120032            9         LCALL DELAY
0018 75A0EF           10         MOV P2, #11101111B
001B 120032           11         LCALL DELAY
001E 75A0DF           12         MOV P2, #11011111B
0021 120032           13         LCALL DELAY
0024 75A0BF           14         MOV P2, #10111111B
0027 120032           15         LCALL DELAY
002A 75A07F           16         MOV P2, #01111111B
002D 1132             17         CALL DELAY
002F 020000           18     LJMP MAIN
                      19      
                      20      
0032                  21     DELAY:
0032 7F03             22         MOV R7, #3          ;@11.0592MHz
0034                  23         D1:
0034 C030             24         PUSH 30H
0036 C031             25         PUSH 31H
0038 7530B4           26         MOV 30H, #180
003B 753144           27         MOV 31H, #68
003E                  28         NEXT:
003E D531FD           29         DJNZ 31H, NEXT
0041 D530FA           30         DJNZ 30H, NEXT
0044 D031             31         POP 31H
0046 D030             32         POP 30H
0048 DFEA             33         DJNZ R7, D1
004A 22               34         RET
                      35     END
A51 MACRO ASSEMBLER  MAIN                                                                 03/22/2024 19:42:58 PAGE     2

SYMBOL TABLE LISTING
------ ----- -------


N A M E             T Y P E  V A L U E   ATTRIBUTES

D1 . . . . . . . .  C ADDR   0034H   A   
DELAY. . . . . . .  C ADDR   0032H   A   
MAIN . . . . . . .  C ADDR   0000H   A   
NEXT . . . . . . .  C ADDR   003EH   A   
P2 . . . . . . . .  D ADDR   00A0H   A   


REGISTER BANK(S) USED: 0 


ASSEMBLY COMPLETE.  0 WARNING(S), 0 ERROR(S)
